// Jest Snapshot v1, https://goo.gl/fbAQLP

exports[`Snapshot to HooksApp should take a snapShot 1`] = `
<div>
  HooksApp
</div>
`;
